# --------------------------------------------------- // System
pipewire                                               # audio/video server
pipewire-alsa                                          # pipewire alsa client
pipewire-audio                                         # pipewire audio client
pipewire-jack                                          # pipewire jack client
pipewire-pulse                                         # pipewire pulseaudio client
gst-plugin-pipewire                                    # pipewire gstreamer client
wireplumber                                            # pipewire session manager
pavucontrol                                            # pulseaudio volume control
pamixer                                                # pulseaudio cli mixer
networkmanager                                         # network manager
network-manager-applet                                 # network manager system tray utility
bluez                                                  # bluetooth protocol stack
bluez-utils                                            # bluetooth utility cli
blueman                                                # bluetooth manager gui
udiskie                                                # manage removable media
nvidia                                                 # nvidia drivers

# --------------------------------------------------- // Display Manager
sddm                                                   # display manager for KDE plasma
qt5-quickcontrols                                      # for sddm theme ui elements
qt5-quickcontrols2                                     # for sddm theme ui elements
qt5-graphicaleffects                                   # for sddm theme effects
qt5-svg

# --------------------------------------------------- // Window Manager
hyprland                                               # wlroots-based wayland compositor
hyprpolkitagent                                        # authentication agent
hyprpaper                                              # wall paper setter
hyprpicker                                             # color picker
hyprshot                                               # screenshot tool
hyprlock                                               # lock screen
hypridle                                               # idle management
xdg-desktop-portal-hyprland                            # xdg desktop portal for hyprland
swaync                                                 # notification daemon
wofi                                                   # application launcher
waybar                                                 # system bar
wlogout                                                # logout menu
cliphist                                               # clipboard manager

# --------------------------------------------------- // Dependencies
jq                                                     # for json processing
parallel                                               # for parallel processing
imagemagick                                            # for image processing
qt5-imageformats                                       # for dolphin image thumbnails
ffmpegthumbs                                           # for dolphin video thumbnails
kde-cli-tools                                          # for dolphin file type defaults
libnotify                                              # for notifications
qt5-wayland                                            # wayland support in qt5
qt6-wayland                                            # wayland support in qt6
sassc

# --------------------------------------------------- // Applications
firefox                                                # browser
kitty                                                  # terminal
dolphin                                                # kde file manager       
ark                                                    # kde file archiver
vim                                                    # text file editor
code                                                   # ide text editor
fastfetch                                              # system information fetch tool

# --------------------------------------------------- // fonts
ttf-jetbrains-mono-nerd
otf-font-awesome
ttf-liberation
noto-fonts
noto-fonts-emoji

# --------------------------------------------------- // theming tools
nwg-look                                               # gtk configuration tool
qt5ct                                                  # qt5 configuration tool
qt6ct                                                  # qt6 configuration tool
kvantum                                                # svg based qt6 theme engine
kvantum-qt5                                            # svg based qt5 theme engine